Emerald backend content root: I:\EmeraldDeltacast\Emerald\backend\Recordings
[15/07/2026, 7:43:48 pm] [INFO] Node-Media-Server v4.2.8
[15/07/2026, 7:43:48 pm] [INFO] Homepage: https://github.com/illuspas/Node-Media-Server
[15/07/2026, 7:43:48 pm] [INFO] License: Apache-2.0
[15/07/2026, 7:43:48 pm] [INFO] Author: Chen Mingliang
Emerald Streaming backend listening on http://0.0.0.0:5000
[timecode] 19:43:49:20 capture=on(0.00s) onAir=off
[timecode] 19:43:50:20 capture=on(0.03s) onAir=off
[timecode] 19:43:51:20 capture=on(0.00s) onAir=off
[timecode] 19:43:52:21 capture=on(0.00s) onAir=off
[timecode] 19:43:53:21 capture=on(0.01s) onAir=off
[timecode] 19:43:54:21 capture=on(0.02s) onAir=off
[timecode] 19:43:55:21 capture=on(0.03s) onAir=off
[timecode] 19:43:56:22 capture=on(0.00s) onAir=off
[timecode] 19:43:57:22 capture=on(0.01s) onAir=off
[timecode] 19:43:58:22 capture=on(0.03s) onAir=off
[timecode] 19:43:59:22 capture=on(0.04s) onAir=off
[timecode] 19:44:00:23 capture=on(0.01s) onAir=off
[timecode] 19:44:01:23 capture=on(0.02s) onAir=off
[timecode] 19:44:02:23 capture=on(0.03s) onAir=off
[timecode] 19:44:03:23 capture=on(0.03s) onAir=off
[timecode] 19:44:04:24 capture=on(0.01s) onAir=off
[timecode] 19:44:05:24 capture=on(0.01s) onAir=off
[timecode] 19:44:06:24 capture=on(0.02s) onAir=off
[timecode] 19:44:07:24 capture=on(0.03s) onAir=off
[timecode] 19:44:08:24 capture=on(0.03s) onAir=off
[timecode] 19:44:10:00 capture=on(0.00s) onAir=off
[timecode] 19:44:11:00 capture=on(0.01s) onAir=off
[timecode] 19:44:12:00 capture=on(0.02s) onAir=off
[timecode] 19:44:13:00 capture=on(0.03s) onAir=off
[timecode] 19:44:14:01 capture=on(0.00s) onAir=off
[timecode] 19:44:15:01 capture=on(0.01s) onAir=off
[timecode] 19:44:16:01 capture=on(0.01s) onAir=off
[timecode] 19:44:17:01 capture=on(0.03s) onAir=off
[timecode] 19:44:18:01 capture=on(0.03s) onAir=off
[timecode] 19:44:19:01 capture=on(0.03s) onAir=off
[event] [2026-07-15T09:44:19.771Z] [tc 19:44:19:19] Recording started — folder=emerald071520261944, segmentSeconds=120, broadcastDelaySeconds=60
[timecode] 19:44:20:02 capture=on(0.00s) onAir=off
[timecode] 19:44:21:02 capture=on(0.01s) onAir=off
[timecode] 19:44:22:02 capture=on(0.02s) onAir=off
[timecode] 19:44:23:02 capture=on(0.03s) onAir=off
[timecode] 19:44:24:03 capture=on(0.00s) onAir=off
[timecode] 19:44:25:03 capture=on(0.02s) onAir=off
[timecode] 19:44:26:03 capture=on(0.03s) onAir=off
[timecode] 19:44:27:04 capture=on(0.00s) onAir=off
[timecode] 19:44:28:04 capture=on(0.03s) onAir=off
[timecode] 19:44:29:05 capture=on(0.01s) onAir=off
[timecode] 19:44:30:05 capture=on(0.01s) onAir=off
[timecode] 19:44:31:05 capture=on(0.03s) onAir=off
[timecode] 19:44:32:05 capture=on(0.03s) onAir=off
[timecode] 19:44:33:06 capture=on(0.01s) onAir=off
[timecode] 19:44:34:06 capture=on(0.02s) onAir=off
[timecode] 19:44:35:06 capture=on(0.03s) onAir=off
[timecode] 19:44:36:06 capture=on(0.03s) onAir=off
[timecode] 19:44:37:07 capture=on(0.00s) onAir=off
[timecode] 19:44:38:07 capture=on(0.02s) onAir=off
[timecode] 19:44:39:07 capture=on(0.03s) onAir=off
[timecode] 19:44:40:08 capture=on(0.00s) onAir=off
[timecode] 19:44:41:08 capture=on(0.02s) onAir=off
[timecode] 19:44:42:08 capture=on(0.02s) onAir=off
[timecode] 19:44:43:08 capture=on(0.03s) onAir=off
[timecode] 19:44:44:09 capture=on(0.04s) onAir=off
[timecode] 19:44:45:09 capture=on(0.01s) onAir=off
[timecode] 19:44:46:09 capture=on(0.01s) onAir=off
[timecode] 19:44:47:09 capture=on(0.03s) onAir=off
[timecode] 19:44:48:10 capture=on(0.00s) onAir=off
[timecode] 19:44:49:10 capture=on(0.01s) onAir=off
[timecode] 19:44:50:10 capture=on(0.00s) onAir=off
[timecode] 19:44:51:10 capture=on(0.01s) onAir=off
[timecode] 19:44:52:10 capture=on(0.01s) onAir=off
[timecode] 19:44:53:10 capture=on(0.02s) onAir=off
[timecode] 19:44:54:11 capture=on(0.04s) onAir=off
[timecode] 19:44:55:11 capture=on(0.01s) onAir=off
[timecode] 19:44:56:11 capture=on(0.01s) onAir=off
[timecode] 19:44:57:11 capture=on(0.02s) onAir=off
[timecode] 19:44:58:12 capture=on(0.04s) onAir=off
[timecode] 19:44:59:12 capture=on(0.01s) onAir=off
[timecode] 19:45:00:12 capture=on(0.01s) onAir=off
[timecode] 19:45:01:12 capture=on(0.02s) onAir=off
[timecode] 19:45:02:12 capture=on(0.03s) onAir=off
[timecode] 19:45:03:13 capture=on(0.04s) onAir=off
[timecode] 19:45:04:13 capture=on(0.00s) onAir=off
[timecode] 19:45:05:13 capture=on(0.01s) onAir=off
[timecode] 19:45:06:13 capture=on(0.02s) onAir=off
[timecode] 19:45:07:13 capture=on(0.03s) onAir=off
[timecode] 19:45:08:14 capture=on(0.00s) onAir=off
[timecode] 19:45:09:14 capture=on(0.02s) onAir=off
[timecode] 19:45:10:14 capture=on(0.02s) onAir=off
[timecode] 19:45:11:14 capture=on(0.03s) onAir=off
[timecode] 19:45:12:15 capture=on(0.01s) onAir=off
[timecode] 19:45:13:15 capture=on(0.02s) onAir=off
[timecode] 19:45:14:16 capture=on(0.03s) onAir=off
[timecode] 19:45:15:16 capture=on(0.01s) onAir=off
[timecode] 19:45:16:16 capture=on(0.02s) onAir=off
[timecode] 19:45:17:16 capture=on(0.02s) onAir=off
[timecode] 19:45:18:17 capture=on(0.03s) onAir=off
[timecode] 19:45:19:17 capture=on(0.00s) onAir=off
[timecode] 19:45:20:17 capture=on(0.01s) onAir=off
[timecode] 19:45:21:17 capture=on(0.03s) onAir=off
[timecode] 19:45:22:18 capture=on(0.00s) onAir=off
[timecode] 19:45:23:18 capture=on(0.01s) onAir=off
[timecode] 19:45:24:18 capture=on(0.03s) onAir=off
[timecode] 19:45:25:19 capture=on(0.04s) onAir=off
[timecode] 19:45:26:19 capture=on(0.01s) onAir=off
[timecode] 19:45:27:19 capture=on(0.01s) onAir=off
[timecode] 19:45:28:19 capture=on(0.02s) onAir=off
[timecode] 19:45:29:19 capture=on(0.02s) onAir=off
[timecode] 19:45:30:20 capture=on(0.04s) onAir=off
[timecode] 19:45:31:20 capture=on(0.01s) onAir=off
[timecode] 19:45:32:20 capture=on(0.02s) onAir=off
[timecode] 19:45:33:20 capture=on(0.03s) onAir=off
[timecode] 19:45:34:21 capture=on(0.01s) onAir=off
[timecode] 19:45:35:21 capture=on(0.02s) onAir=off
[timecode] 19:45:36:21 capture=on(0.01s) onAir=off
[timecode] 19:45:37:21 capture=on(0.03s) onAir=off
[timecode] 19:45:38:22 capture=on(0.00s) onAir=off
[timecode] 19:45:39:22 capture=on(0.00s) onAir=off
[timecode] 19:45:40:22 capture=on(0.01s) onAir=off
[timecode] 19:45:41:22 capture=on(0.02s) onAir=off
[timecode] 19:45:42:23 capture=on(0.04s) onAir=off
[timecode] 19:45:43:23 capture=on(0.04s) onAir=off
[timecode] 19:45:44:23 capture=on(0.04s) onAir=off
[timecode] 19:45:45:23 capture=on(0.01s) onAir=off
[timecode] 19:45:46:23 capture=on(0.03s) onAir=off
[timecode] 19:45:47:24 capture=on(0.00s) onAir=off
[timecode] 19:45:48:24 capture=on(0.00s) onAir=off
[timecode] 19:45:49:24 capture=on(0.00s) onAir=off
[timecode] 19:45:50:24 capture=on(0.01s) onAir=off
[timecode] 19:45:51:24 capture=on(0.02s) onAir=off
[timecode] 19:45:53:00 capture=on(0.03s) onAir=off
[timecode] 19:45:54:00 capture=on(0.00s) onAir=off
[timecode] 19:45:55:00 capture=on(0.02s) onAir=off
[timecode] 19:45:56:00 capture=on(0.02s) onAir=off
[timecode] 19:45:57:00 capture=on(0.02s) onAir=off
[timecode] 19:45:58:00 capture=on(0.03s) onAir=off
[timecode] 19:45:59:00 capture=on(0.03s) onAir=off
[timecode] 19:46:00:01 capture=on(0.00s) onAir=off
[timecode] 19:46:01:01 capture=on(0.01s) onAir=off
[timecode] 19:46:02:01 capture=on(0.03s) onAir=off
[timecode] 19:46:03:02 capture=on(0.04s) onAir=off
[timecode] 19:46:04:02 capture=on(0.01s) onAir=off
[timecode] 19:46:05:02 capture=on(0.01s) onAir=off
[timecode] 19:46:06:02 capture=on(0.01s) onAir=off
[timecode] 19:46:07:02 capture=on(0.02s) onAir=off
[timecode] 19:46:08:03 capture=on(0.03s) onAir=off
[timecode] 19:46:09:03 capture=on(0.04s) onAir=off
[timecode] 19:46:10:03 capture=on(0.04s) onAir=off
[timecode] 19:46:11:03 capture=on(0.01s) onAir=off
[timecode] 19:46:12:03 capture=on(0.03s) onAir=off
[timecode] 19:46:13:03 capture=on(0.03s) onAir=off
[timecode] 19:46:14:04 capture=on(0.04s) onAir=off
[timecode] 19:46:15:04 capture=on(0.04s) onAir=off
[timecode] 19:46:16:04 capture=on(0.01s) onAir=off
[timecode] 19:46:17:04 capture=on(0.01s) onAir=off
[timecode] 19:46:18:04 capture=on(0.01s) onAir=off
[timecode] 19:46:19:04 capture=on(0.01s) onAir=off
[timecode] 19:46:20:04 capture=on(0.01s) onAir=off
[timecode] 19:46:21:05 capture=on(0.03s) onAir=off
[timecode] 19:46:22:05 capture=on(0.00s) onAir=off
[timecode] 19:46:23:05 capture=on(0.01s) onAir=off
[timecode] 19:46:24:05 capture=on(0.03s) onAir=off
[timecode] 19:46:25:06 capture=on(0.04s) onAir=off
[timecode] 19:46:26:06 capture=on(0.01s) onAir=off
[timecode] 19:46:27:06 capture=on(0.02s) onAir=off
[timecode] 19:46:28:07 capture=on(0.03s) onAir=off
[timecode] 19:46:29:07 capture=on(0.03s) onAir=off
[timecode] 19:46:30:07 capture=on(0.04s) onAir=off
[timecode] 19:46:31:07 capture=on(0.01s) onAir=off
[timecode] 19:46:32:07 capture=on(0.01s) onAir=off
[timecode] 19:46:33:07 capture=on(0.03s) onAir=off
[timecode] 19:46:34:08 capture=on(0.00s) onAir=off
[timecode] 19:46:35:08 capture=on(0.01s) onAir=off
[timecode] 19:46:36:08 capture=on(0.03s) onAir=off
[timecode] 19:46:37:09 capture=on(0.04s) onAir=off
[timecode] 19:46:38:09 capture=on(0.01s) onAir=off
[timecode] 19:46:39:09 capture=on(0.02s) onAir=off
[timecode] 19:46:40:09 capture=on(0.03s) onAir=off
[timecode] 19:46:41:10 capture=on(0.04s) onAir=off
[timecode] 19:46:42:10 capture=on(0.01s) onAir=off
[timecode] 19:46:43:10 capture=on(0.02s) onAir=off
[timecode] 19:46:44:11 capture=on(0.03s) onAir=off
[timecode] 19:46:45:11 capture=on(0.00s) onAir=off
[timecode] 19:46:46:11 capture=on(0.01s) onAir=off
[timecode] 19:46:47:12 capture=on(0.03s) onAir=off
[timecode] 19:46:48:12 capture=on(0.00s) onAir=off
[timecode] 19:46:49:12 capture=on(0.01s) onAir=off
[timecode] 19:46:50:12 capture=on(0.01s) onAir=off
[timecode] 19:46:51:12 capture=on(0.01s) onAir=off
[timecode] 19:46:52:12 capture=on(0.02s) onAir=off
[timecode] 19:46:53:13 capture=on(0.03s) onAir=off
[timecode] 19:46:54:13 capture=on(0.01s) onAir=off
[timecode] 19:46:55:13 capture=on(0.01s) onAir=off
[timecode] 19:46:56:13 capture=on(0.01s) onAir=off
[timecode] 19:46:57:13 capture=on(0.01s) onAir=off
[timecode] 19:46:58:13 capture=on(0.01s) onAir=off
[timecode] 19:46:59:13 capture=on(0.01s) onAir=off
[timecode] 19:47:00:13 capture=on(0.01s) onAir=off
[timecode] 19:47:01:13 capture=on(0.01s) onAir=off
[timecode] 19:47:02:13 capture=on(0.02s) onAir=off
[timecode] 19:47:03:14 capture=on(0.03s) onAir=off
[timecode] 19:47:04:14 capture=on(0.00s) onAir=off
[timecode] 19:47:05:14 capture=on(0.01s) onAir=off
[timecode] 19:47:06:14 capture=on(0.01s) onAir=off
[timecode] 19:47:07:14 capture=on(0.01s) onAir=off
[timecode] 19:47:08:14 capture=on(0.01s) onAir=off
[timecode] 19:47:09:14 capture=on(0.01s) onAir=off
[timecode] 19:47:10:14 capture=on(0.01s) onAir=off
[timecode] 19:47:11:14 capture=on(0.01s) onAir=off
[timecode] 19:47:12:14 capture=on(0.01s) onAir=off
[timecode] 19:47:13:14 capture=on(0.01s) onAir=off
[timecode] 19:47:14:14 capture=on(0.01s) onAir=off
[timecode] 19:47:15:14 capture=on(0.01s) onAir=off
[timecode] 19:47:16:14 capture=on(0.01s) onAir=off
[timecode] 19:47:17:14 capture=on(0.01s) onAir=off
[timecode] 19:47:18:14 capture=on(0.01s) onAir=off
[timecode] 19:47:19:14 capture=on(0.01s) onAir=off
[timecode] 19:47:20:14 capture=on(0.02s) onAir=off
[timecode] 19:47:21:15 capture=on(0.03s) onAir=off
[timecode] 19:47:22:15 capture=on(0.00s) onAir=off
[timecode] 19:47:23:15 capture=on(0.00s) onAir=off
[timecode] 19:47:24:15 capture=on(0.01s) onAir=off
[timecode] 19:47:25:15 capture=on(0.01s) onAir=off
[timecode] 19:47:26:15 capture=on(0.01s) onAir=off
[timecode] 19:47:27:15 capture=on(0.01s) onAir=off
[timecode] 19:47:28:15 capture=on(0.01s) onAir=off
[timecode] 19:47:29:15 capture=on(0.02s) onAir=off
[timecode] 19:47:30:16 capture=on(0.03s) onAir=off
[timecode] 19:47:31:16 capture=on(0.03s) onAir=off
[timecode] 19:47:32:16 capture=on(0.00s) onAir=off
[timecode] 19:47:33:16 capture=on(0.00s) onAir=off
[timecode] 19:47:34:16 capture=on(0.00s) onAir=off
[timecode] 19:47:35:16 capture=on(0.00s) onAir=off
[timecode] 19:47:36:16 capture=on(0.01s) onAir=off
[timecode] 19:47:37:16 capture=on(0.01s) onAir=off
[timecode] 19:47:38:16 capture=on(0.01s) onAir=off
[timecode] 19:47:39:16 capture=on(0.01s) onAir=off
[timecode] 19:47:40:16 capture=on(0.01s) onAir=off
[timecode] 19:47:41:16 capture=on(0.01s) onAir=off
[timecode] 19:47:42:16 capture=on(0.01s) onAir=off
[timecode] 19:47:43:16 capture=on(0.01s) onAir=off
[timecode] 19:47:44:16 capture=on(0.01s) onAir=off
[timecode] 19:47:45:16 capture=on(0.01s) onAir=off
[timecode] 19:47:46:16 capture=on(0.01s) onAir=off
[timecode] 19:47:47:16 capture=on(0.01s) onAir=off
[timecode] 19:47:48:16 capture=on(0.01s) onAir=off
[timecode] 19:47:49:16 capture=on(0.01s) onAir=off
[timecode] 19:47:50:16 capture=on(0.01s) onAir=off
[timecode] 19:47:51:17 capture=on(0.02s) onAir=off
[timecode] 19:47:52:17 capture=on(0.04s) onAir=off
[timecode] 19:47:53:17 capture=on(0.00s) onAir=off
[timecode] 19:47:54:17 capture=on(0.01s) onAir=off
[timecode] 19:47:55:17 capture=on(0.01s) onAir=off
[timecode] 19:47:56:17 capture=on(0.01s) onAir=off
[timecode] 19:47:57:17 capture=on(0.01s) onAir=off
[timecode] 19:47:58:17 capture=on(0.01s) onAir=off
[timecode] 19:47:59:17 capture=on(0.01s) onAir=off
[timecode] 19:48:00:17 capture=on(0.01s) onAir=off
[timecode] 19:48:01:17 capture=on(0.01s) onAir=off
[timecode] 19:48:02:17 capture=on(0.01s) onAir=off
[timecode] 19:48:03:17 capture=on(0.01s) onAir=off
[timecode] 19:48:04:17 capture=on(0.01s) onAir=off
[timecode] 19:48:05:17 capture=on(0.01s) onAir=off
[timecode] 19:48:06:17 capture=on(0.01s) onAir=off
[timecode] 19:48:07:17 capture=on(0.02s) onAir=off
[timecode] 19:48:08:18 capture=on(0.04s) onAir=off
[timecode] 19:48:09:18 capture=on(0.01s) onAir=off
[timecode] 19:48:10:18 capture=on(0.01s) onAir=off
[timecode] 19:48:11:18 capture=on(0.01s) onAir=off
[timecode] 19:48:12:18 capture=on(0.01s) onAir=off
[timecode] 19:48:13:18 capture=on(0.01s) onAir=off
[timecode] 19:48:14:18 capture=on(0.02s) onAir=off
[timecode] 19:48:15:19 capture=on(0.02s) onAir=off
[timecode] 19:48:16:19 capture=on(0.04s) onAir=off
[timecode] 19:48:17:19 capture=on(0.01s) onAir=off
[timecode] 19:48:18:19 capture=on(0.01s) onAir=off
[timecode] 19:48:19:19 capture=on(0.01s) onAir=off
[timecode] 19:48:20:19 capture=on(0.01s) onAir=off
[timecode] 19:48:21:19 capture=on(0.01s) onAir=off
[timecode] 19:48:22:19 capture=on(0.01s) onAir=off
[timecode] 19:48:23:19 capture=on(0.01s) onAir=off
