Emerald backend content root: I:\EmeraldDeltacast\Emerald\backend\Recordings
[15/07/2026, 2:31:56 pm] [INFO] Node-Media-Server v4.2.8
[15/07/2026, 2:31:56 pm] [INFO] Homepage: https://github.com/illuspas/Node-Media-Server
[15/07/2026, 2:31:56 pm] [INFO] License: Apache-2.0
[15/07/2026, 2:31:56 pm] [INFO] Author: Chen Mingliang
Emerald Streaming backend listening on http://0.0.0.0:5000
[timecode] 14:32:39:14 capture=on(0.00s) onAir=off
[timecode] 14:32:40:15 capture=on(0.01s) onAir=off
[timecode] 14:32:41:15 capture=on(0.02s) onAir=off
[timecode] 14:32:42:15 capture=on(0.03s) onAir=off
[timecode] 14:32:43:15 capture=on(0.00s) onAir=off
[timecode] 14:32:44:16 capture=on(0.01s) onAir=off
[timecode] 14:32:45:16 capture=on(0.02s) onAir=off
[timecode] 14:32:46:16 capture=on(0.04s) onAir=off
[timecode] 14:32:47:16 capture=on(0.00s) onAir=off
[timecode] 14:32:48:17 capture=on(0.01s) onAir=off
[timecode] 14:32:49:17 capture=on(0.02s) onAir=off
[timecode] 14:32:50:17 capture=on(0.03s) onAir=off
[timecode] 14:32:51:17 capture=on(0.00s) onAir=off
[timecode] 14:32:52:18 capture=on(0.01s) onAir=off
[timecode] 14:32:53:18 capture=on(0.02s) onAir=off
[timecode] 14:32:54:18 capture=on(0.03s) onAir=off
[timecode] 14:32:55:18 capture=on(0.01s) onAir=off
[timecode] 14:32:56:19 capture=on(0.02s) onAir=off
[timecode] 14:32:57:19 capture=on(0.03s) onAir=off
[timecode] 14:32:58:19 capture=on(0.01s) onAir=off
[timecode] 14:32:59:20 capture=on(0.01s) onAir=off
[timecode] 14:33:00:20 capture=on(0.03s) onAir=off
[timecode] 14:33:01:20 capture=on(0.04s) onAir=off
[timecode] 14:33:02:20 capture=on(0.00s) onAir=off
[timecode] 14:33:03:21 capture=on(0.02s) onAir=off
[timecode] 14:33:04:21 capture=on(0.03s) onAir=off
[timecode] 14:33:05:22 capture=on(0.01s) onAir=off
[timecode] 14:33:06:22 capture=on(0.01s) onAir=off
[timecode] 14:33:07:22 capture=on(0.01s) onAir=off
[timecode] 14:33:08:22 capture=on(0.03s) onAir=off
[timecode] 14:33:09:22 capture=on(0.04s) onAir=off
[timecode] 14:33:10:23 capture=on(0.01s) onAir=off
[timecode] 14:33:11:23 capture=on(0.02s) onAir=off
[timecode] 14:33:12:23 capture=on(0.04s) onAir=off
[timecode] 14:33:13:24 capture=on(0.01s) onAir=off
[timecode] 14:33:14:24 capture=on(0.02s) onAir=off
[timecode] 14:33:15:24 capture=on(0.03s) onAir=off
[timecode] 14:33:16:24 capture=on(0.04s) onAir=off
[timecode] 14:33:18:00 capture=on(0.01s) onAir=off
[timecode] 14:33:19:00 capture=on(0.02s) onAir=off
[timecode] 14:33:20:00 capture=on(0.03s) onAir=off
[timecode] 14:33:21:00 capture=on(0.00s) onAir=off
[timecode] 14:33:22:00 capture=on(0.00s) onAir=off
[timecode] 14:33:23:01 capture=on(0.01s) onAir=off
[timecode] 14:33:24:01 capture=on(0.02s) onAir=off
[timecode] 14:33:25:01 capture=on(0.03s) onAir=off
[timecode] 14:33:26:01 capture=on(0.00s) onAir=off
[timecode] 14:33:27:02 capture=on(0.01s) onAir=off
[timecode] 14:33:28:02 capture=on(0.03s) onAir=off
[timecode] 14:33:29:02 capture=on(0.04s) onAir=off
[timecode] 14:33:30:03 capture=on(0.01s) onAir=off
[timecode] 14:33:31:03 capture=on(0.02s) onAir=off
[timecode] 14:33:32:03 capture=on(0.03s) onAir=off
[timecode] 14:33:33:03 capture=on(0.03s) onAir=off
[timecode] 14:33:34:03 capture=on(0.00s) onAir=off
[timecode] 14:33:35:04 capture=on(0.01s) onAir=off
[timecode] 14:33:36:04 capture=on(0.03s) onAir=off
[timecode] 14:33:37:04 capture=on(0.04s) onAir=off
[timecode] 14:33:38:05 capture=on(0.01s) onAir=off
[timecode] 14:33:39:05 capture=on(0.02s) onAir=off
[timecode] 14:33:40:05 capture=on(0.03s) onAir=off
[timecode] 14:33:41:05 capture=on(0.00s) onAir=off
[timecode] 14:33:42:06 capture=on(0.01s) onAir=off
[timecode] 14:33:43:06 capture=on(0.02s) onAir=off
[timecode] 14:33:44:06 capture=on(0.04s) onAir=off
[timecode] 14:33:45:07 capture=on(0.01s) onAir=off
[timecode] 14:33:46:07 capture=on(0.02s) onAir=off
[timecode] 14:33:47:07 capture=on(0.04s) onAir=off
[timecode] 14:33:48:08 capture=on(0.00s) onAir=off
[timecode] 14:33:49:08 capture=on(0.01s) onAir=off
[timecode] 14:33:50:08 capture=on(0.02s) onAir=off
[timecode] 14:33:51:08 capture=on(0.03s) onAir=off
[timecode] 14:33:52:08 capture=on(0.03s) onAir=off
[timecode] 14:33:53:09 capture=on(0.01s) onAir=off
[timecode] 14:33:54:09 capture=on(0.01s) onAir=off
[timecode] 14:33:55:09 capture=on(0.02s) onAir=off
[timecode] 14:33:56:09 capture=on(0.02s) onAir=off
[timecode] 14:33:57:09 capture=on(0.03s) onAir=off
[timecode] 14:33:58:09 capture=on(0.04s) onAir=off
[timecode] 14:33:59:10 capture=on(0.01s) onAir=off
[timecode] 14:34:00:10 capture=on(0.02s) onAir=off
[timecode] 14:34:01:10 capture=on(0.03s) onAir=off
[timecode] 14:34:02:10 capture=on(0.00s) onAir=off
[timecode] 14:34:03:11 capture=on(0.01s) onAir=off
[timecode] 14:34:04:11 capture=on(0.02s) onAir=off
[timecode] 14:34:05:11 capture=on(0.04s) onAir=off
[timecode] 14:34:06:12 capture=on(0.01s) onAir=off
[event] [2026-07-15T04:34:07.187Z] [tc 14:34:07:04] Recording started — folder=emerald071520261434, segmentSeconds=120, broadcastDelaySeconds=60
[timecode] 14:34:07:12 capture=on(0.02s) onAir=off
[timecode] 14:34:08:12 capture=on(0.02s) onAir=off
[timecode] 14:34:09:12 capture=on(0.04s) onAir=off
[timecode] 14:34:10:13 capture=on(0.01s) onAir=off
[timecode] 14:34:11:13 capture=on(0.02s) onAir=off
[timecode] 14:34:12:13 capture=on(0.03s) onAir=off
[timecode] 14:34:13:13 capture=on(0.04s) onAir=off
[timecode] 14:34:14:14 capture=on(0.01s) onAir=off
[timecode] 14:34:15:14 capture=on(0.02s) onAir=off
[timecode] 14:34:16:14 capture=on(0.03s) onAir=off
[timecode] 14:34:17:14 capture=on(0.04s) onAir=off
[timecode] 14:34:18:15 capture=on(0.01s) onAir=off
[timecode] 14:34:19:15 capture=on(0.01s) onAir=off
[timecode] 14:34:20:15 capture=on(0.02s) onAir=off
[timecode] 14:34:21:15 capture=on(0.04s) onAir=off
[timecode] 14:34:22:16 capture=on(0.01s) onAir=off
[timecode] 14:34:23:16 capture=on(0.01s) onAir=off
[timecode] 14:34:24:16 capture=on(0.03s) onAir=off
[timecode] 14:34:25:17 capture=on(0.00s) onAir=off
[timecode] 14:34:26:17 capture=on(0.02s) onAir=off
[timecode] 14:34:27:17 capture=on(0.03s) onAir=off
[timecode] 14:34:28:17 capture=on(0.03s) onAir=off
[timecode] 14:34:29:18 capture=on(0.00s) onAir=off
[timecode] 14:34:30:18 capture=on(0.02s) onAir=off
[timecode] 14:34:31:18 capture=on(0.03s) onAir=off
[timecode] 14:34:32:18 capture=on(0.04s) onAir=off
[timecode] 14:34:33:19 capture=on(0.01s) onAir=off
[timecode] 14:34:34:19 capture=on(0.01s) onAir=off
[timecode] 14:34:35:19 capture=on(0.02s) onAir=off
[timecode] 14:34:36:19 capture=on(0.03s) onAir=off
[timecode] 14:34:37:20 capture=on(0.00s) onAir=off
[timecode] 14:34:38:20 capture=on(0.01s) onAir=off
[timecode] 14:34:39:20 capture=on(0.02s) onAir=off
[timecode] 14:34:40:20 capture=on(0.02s) onAir=off
[timecode] 14:34:41:20 capture=on(0.04s) onAir=off
[timecode] 14:34:42:21 capture=on(0.01s) onAir=off
[timecode] 14:34:43:21 capture=on(0.02s) onAir=off
[timecode] 14:34:44:21 capture=on(0.03s) onAir=off
[timecode] 14:34:45:21 capture=on(0.03s) onAir=off
[timecode] 14:34:46:22 capture=on(0.01s) onAir=off
[timecode] 14:34:47:22 capture=on(0.02s) onAir=off
[timecode] 14:34:48:22 capture=on(0.03s) onAir=off
[timecode] 14:34:49:22 capture=on(0.04s) onAir=off
[timecode] 14:34:50:23 capture=on(0.01s) onAir=off
[timecode] 14:34:51:23 capture=on(0.02s) onAir=off
[timecode] 14:34:52:23 capture=on(0.02s) onAir=off
[timecode] 14:34:53:23 capture=on(0.03s) onAir=off
[timecode] 14:34:54:23 capture=on(0.04s) onAir=off
[timecode] 14:34:55:24 capture=on(0.01s) onAir=off
[timecode] 14:34:56:24 capture=on(0.02s) onAir=off
[timecode] 14:34:57:24 capture=on(0.03s) onAir=off
[timecode] 14:34:59:00 capture=on(0.01s) onAir=off
[timecode] 14:35:00:00 capture=on(0.02s) onAir=off
[timecode] 14:35:01:00 capture=on(0.03s) onAir=off
[timecode] 14:35:02:01 capture=on(0.04s) onAir=off
[timecode] 14:35:03:01 capture=on(0.01s) onAir=off
[timecode] 14:35:04:01 capture=on(0.02s) onAir=off
[timecode] 14:35:05:01 capture=on(0.03s) onAir=off
[timecode] 14:35:06:02 capture=on(0.00s) onAir=off
[timecode] 14:35:07:02 capture=on(0.01s) onAir=off
[timecode] 14:35:08:02 capture=on(0.03s) onAir=off
[timecode] 14:35:09:02 capture=on(0.03s) onAir=off
[timecode] 14:35:10:03 capture=on(0.01s) onAir=off
[timecode] 14:35:11:03 capture=on(0.01s) onAir=off
[timecode] 14:35:12:03 capture=on(0.03s) onAir=off
[timecode] 14:35:13:03 capture=on(0.04s) onAir=off
[timecode] 14:35:14:04 capture=on(0.01s) onAir=off
[timecode] 14:35:15:04 capture=on(0.02s) onAir=off
[timecode] 14:35:16:04 capture=on(0.02s) onAir=off
[timecode] 14:35:17:04 capture=on(0.04s) onAir=off
[timecode] 14:35:18:05 capture=on(0.01s) onAir=off
[timecode] 14:35:19:05 capture=on(0.02s) onAir=off
[timecode] 14:35:20:05 capture=on(0.04s) onAir=off
[timecode] 14:35:21:06 capture=on(0.00s) onAir=off
[timecode] 14:35:22:06 capture=on(0.01s) onAir=off
[timecode] 14:35:23:06 capture=on(0.03s) onAir=off
[timecode] 14:35:24:06 capture=on(0.03s) onAir=off
[timecode] 14:35:25:07 capture=on(0.00s) onAir=off
[timecode] 14:35:26:07 capture=on(0.01s) onAir=off
[timecode] 14:35:27:07 capture=on(0.02s) onAir=off
