Emerald backend content root: I:\EmeraldDeltacast\Emerald\backend\Recordings
[15/07/2026, 7:33:58 pm] [INFO] Node-Media-Server v4.2.8
[15/07/2026, 7:33:58 pm] [INFO] Homepage: https://github.com/illuspas/Node-Media-Server
[15/07/2026, 7:33:58 pm] [INFO] License: Apache-2.0
[15/07/2026, 7:33:58 pm] [INFO] Author: Chen Mingliang
Emerald Streaming backend listening on http://0.0.0.0:5000
[timecode] 19:33:59:13 capture=on(0.00s) onAir=off
[timecode] 19:34:00:13 capture=on(0.01s) onAir=off
[timecode] 19:34:01:13 capture=on(0.02s) onAir=off
[timecode] 19:34:02:13 capture=on(0.03s) onAir=off
[timecode] 19:34:03:14 capture=on(0.00s) onAir=off
[timecode] 19:34:04:14 capture=on(0.01s) onAir=off
[timecode] 19:34:05:14 capture=on(0.03s) onAir=off
[timecode] 19:34:06:14 capture=on(0.03s) onAir=off
[timecode] 19:34:07:15 capture=on(0.04s) onAir=off
[timecode] 19:34:08:15 capture=on(0.00s) onAir=off
[timecode] 19:34:09:15 capture=on(0.01s) onAir=off
[timecode] 19:34:10:15 capture=on(0.02s) onAir=off
[timecode] 19:34:11:15 capture=on(0.03s) onAir=off
[timecode] 19:34:12:16 capture=on(0.00s) onAir=off
[timecode] 19:34:13:16 capture=on(0.01s) onAir=off
[timecode] 19:34:14:16 capture=on(0.02s) onAir=off
[timecode] 19:34:15:16 capture=on(0.03s) onAir=off
[timecode] 19:34:16:17 capture=on(0.00s) onAir=off
[timecode] 19:34:17:17 capture=on(0.01s) onAir=off
[timecode] 19:34:18:17 capture=on(0.01s) onAir=off
[timecode] 19:34:19:17 capture=on(0.02s) onAir=off
[timecode] 19:34:20:17 capture=on(0.03s) onAir=off
[timecode] 19:34:21:17 capture=on(0.04s) onAir=off
[timecode] 19:34:22:17 capture=on(0.04s) onAir=off
[timecode] 19:34:23:18 capture=on(0.01s) onAir=off
[timecode] 19:34:24:18 capture=on(0.02s) onAir=off
[timecode] 19:34:25:18 capture=on(0.03s) onAir=off
[timecode] 19:34:26:19 capture=on(0.04s) onAir=off
[timecode] 19:34:27:19 capture=on(0.00s) onAir=off
[timecode] 19:34:28:19 capture=on(0.01s) onAir=off
[timecode] 19:34:29:19 capture=on(0.01s) onAir=off
[timecode] 19:34:30:19 capture=on(0.03s) onAir=off
[timecode] 19:34:31:19 capture=on(0.03s) onAir=off
[timecode] 19:34:32:20 capture=on(0.00s) onAir=off
[timecode] 19:34:33:20 capture=on(0.01s) onAir=off
[timecode] 19:34:34:20 capture=on(0.02s) onAir=off
[timecode] 19:34:35:20 capture=on(0.03s) onAir=off
[timecode] 19:34:36:20 capture=on(0.03s) onAir=off
[timecode] 19:34:37:21 capture=on(0.00s) onAir=off
[timecode] 19:34:38:21 capture=on(0.02s) onAir=off
[timecode] 19:34:39:21 capture=on(0.02s) onAir=off
[timecode] 19:34:40:21 capture=on(0.03s) onAir=off
[timecode] 19:34:41:22 capture=on(0.04s) onAir=off
[timecode] 19:34:42:22 capture=on(0.01s) onAir=off
[timecode] 19:34:43:22 capture=on(0.01s) onAir=off
[timecode] 19:34:44:22 capture=on(0.02s) onAir=off
[timecode] 19:34:45:22 capture=on(0.03s) onAir=off
[timecode] 19:34:46:22 capture=on(0.03s) onAir=off
[timecode] 19:34:47:23 capture=on(0.00s) onAir=off
[timecode] 19:34:48:23 capture=on(0.01s) onAir=off
[timecode] 19:34:49:23 capture=on(0.02s) onAir=off
[timecode] 19:34:50:23 capture=on(0.03s) onAir=off
[timecode] 19:34:51:23 capture=on(0.03s) onAir=off
[timecode] 19:34:52:24 capture=on(0.00s) onAir=off
[timecode] 19:34:53:24 capture=on(0.01s) onAir=off
[timecode] 19:34:54:24 capture=on(0.02s) onAir=off
[timecode] 19:34:55:24 capture=on(0.03s) onAir=off
[timecode] 19:34:56:24 capture=on(0.03s) onAir=off
[timecode] 19:34:58:00 capture=on(0.04s) onAir=off
[timecode] 19:34:59:00 capture=on(0.00s) onAir=off
[timecode] 19:35:00:00 capture=on(0.01s) onAir=off
[timecode] 19:35:01:00 capture=on(0.02s) onAir=off
[timecode] 19:35:02:00 capture=on(0.02s) onAir=off
[timecode] 19:35:03:00 capture=on(0.03s) onAir=off
[timecode] 19:35:04:01 capture=on(0.00s) onAir=off
[timecode] 19:35:05:01 capture=on(0.01s) onAir=off
[timecode] 19:35:06:01 capture=on(0.02s) onAir=off
[timecode] 19:35:07:01 capture=on(0.02s) onAir=off
[timecode] 19:35:08:01 capture=on(0.03s) onAir=off
[timecode] 19:35:09:02 capture=on(0.01s) onAir=off
[timecode] 19:35:10:02 capture=on(0.01s) onAir=off
[timecode] 19:35:11:02 capture=on(0.02s) onAir=off
[timecode] 19:35:12:02 capture=on(0.02s) onAir=off
[timecode] 19:35:13:02 capture=on(0.03s) onAir=off
[timecode] 19:35:14:03 capture=on(0.00s) onAir=off
[timecode] 19:35:15:03 capture=on(0.01s) onAir=off
[timecode] 19:35:16:03 capture=on(0.01s) onAir=off
[timecode] 19:35:17:03 capture=on(0.03s) onAir=off
[timecode] 19:35:18:04 capture=on(0.04s) onAir=off
[timecode] 19:35:19:04 capture=on(0.01s) onAir=off
[timecode] 19:35:20:04 capture=on(0.01s) onAir=off
[timecode] 19:35:21:04 capture=on(0.03s) onAir=off
[timecode] 19:35:22:04 capture=on(0.03s) onAir=off
[timecode] 19:35:23:05 capture=on(0.00s) onAir=off
[timecode] 19:35:24:05 capture=on(0.01s) onAir=off
[timecode] 19:35:25:05 capture=on(0.02s) onAir=off
[timecode] 19:35:26:05 capture=on(0.03s) onAir=off
[timecode] 19:35:27:06 capture=on(0.03s) onAir=off
[timecode] 19:35:28:06 capture=on(0.04s) onAir=off
[timecode] 19:35:29:06 capture=on(0.01s) onAir=off
[timecode] 19:35:30:06 capture=on(0.01s) onAir=off
[timecode] 19:35:31:06 capture=on(0.02s) onAir=off
[timecode] 19:35:32:06 capture=on(0.03s) onAir=off
[timecode] 19:35:33:07 capture=on(0.03s) onAir=off
[timecode] 19:35:34:07 capture=on(0.04s) onAir=off
[timecode] 19:35:35:07 capture=on(0.01s) onAir=off
[timecode] 19:35:36:07 capture=on(0.02s) onAir=off
[timecode] 19:35:37:07 capture=on(0.02s) onAir=off
[timecode] 19:35:38:07 capture=on(0.03s) onAir=off
[timecode] 19:35:39:08 capture=on(0.04s) onAir=off
[timecode] 19:35:40:08 capture=on(0.00s) onAir=off
[timecode] 19:35:41:08 capture=on(0.01s) onAir=off
[timecode] 19:35:42:08 capture=on(0.01s) onAir=off
[timecode] 19:35:43:08 capture=on(0.02s) onAir=off
[timecode] 19:35:44:08 capture=on(0.03s) onAir=off
[timecode] 19:35:45:09 capture=on(0.00s) onAir=off
[timecode] 19:35:46:09 capture=on(0.01s) onAir=off
[timecode] 19:35:47:09 capture=on(0.01s) onAir=off
[timecode] 19:35:48:09 capture=on(0.01s) onAir=off
[timecode] 19:35:49:09 capture=on(0.01s) onAir=off
[timecode] 19:35:50:09 capture=on(0.01s) onAir=off
[timecode] 19:35:51:09 capture=on(0.02s) onAir=off
[timecode] 19:35:52:09 capture=on(0.03s) onAir=off
[timecode] 19:35:53:09 capture=on(0.03s) onAir=off
[timecode] 19:35:54:10 capture=on(0.04s) onAir=off
[timecode] 19:35:55:10 capture=on(0.00s) onAir=off
[timecode] 19:35:56:10 capture=on(0.01s) onAir=off
[timecode] 19:35:57:10 capture=on(0.01s) onAir=off
[timecode] 19:35:58:10 capture=on(0.03s) onAir=off
[timecode] 19:35:59:11 capture=on(0.04s) onAir=off
[timecode] 19:36:00:11 capture=on(0.01s) onAir=off
[timecode] 19:36:01:11 capture=on(0.01s) onAir=off
[timecode] 19:36:02:11 capture=on(0.01s) onAir=off
[timecode] 19:36:03:11 capture=on(0.01s) onAir=off
[timecode] 19:36:04:11 capture=on(0.01s) onAir=off
[timecode] 19:36:05:11 capture=on(0.01s) onAir=off
[timecode] 19:36:06:11 capture=on(0.01s) onAir=off
[timecode] 19:36:07:11 capture=on(0.01s) onAir=off
[timecode] 19:36:08:11 capture=on(0.02s) onAir=off
[timecode] 19:36:09:11 capture=on(0.03s) onAir=off
[timecode] 19:36:10:12 capture=on(0.03s) onAir=off
[timecode] 19:36:11:12 capture=on(0.04s) onAir=off
[timecode] 19:36:12:12 capture=on(0.01s) onAir=off
[timecode] 19:36:13:12 capture=on(0.01s) onAir=off
[timecode] 19:36:14:12 capture=on(0.01s) onAir=off
[timecode] 19:36:15:12 capture=on(0.01s) onAir=off
[timecode] 19:36:16:12 capture=on(0.01s) onAir=off
[timecode] 19:36:17:12 capture=on(0.01s) onAir=off
[timecode] 19:36:18:12 capture=on(0.01s) onAir=off
[timecode] 19:36:19:12 capture=on(0.01s) onAir=off
[timecode] 19:36:20:12 capture=on(0.01s) onAir=off
[timecode] 19:36:21:12 capture=on(0.01s) onAir=off
[timecode] 19:36:22:12 capture=on(0.02s) onAir=off
[timecode] 19:36:23:13 capture=on(0.04s) onAir=off
[timecode] 19:36:24:13 capture=on(0.01s) onAir=off
[timecode] 19:36:25:13 capture=on(0.01s) onAir=off
[timecode] 19:36:26:13 capture=on(0.01s) onAir=off
[timecode] 19:36:27:13 capture=on(0.01s) onAir=off
[timecode] 19:36:28:13 capture=on(0.03s) onAir=off
[timecode] 19:36:29:14 capture=on(0.03s) onAir=off
[timecode] 19:36:30:14 capture=on(0.04s) onAir=off
[timecode] 19:36:31:14 capture=on(0.01s) onAir=off
[timecode] 19:36:32:14 capture=on(0.01s) onAir=off
[timecode] 19:36:33:14 capture=on(0.02s) onAir=off
[timecode] 19:36:34:15 capture=on(0.03s) onAir=off
[timecode] 19:36:35:15 capture=on(0.00s) onAir=off
[timecode] 19:36:36:15 capture=on(0.01s) onAir=off
[timecode] 19:36:37:15 capture=on(0.01s) onAir=off
[timecode] 19:36:38:15 capture=on(0.01s) onAir=off
[timecode] 19:36:39:15 capture=on(0.02s) onAir=off
[timecode] 19:36:40:16 capture=on(0.03s) onAir=off
[timecode] 19:36:41:16 capture=on(0.04s) onAir=off
[timecode] 19:36:42:16 capture=on(0.01s) onAir=off
[timecode] 19:36:43:16 capture=on(0.01s) onAir=off
[timecode] 19:36:44:16 capture=on(0.01s) onAir=off
[timecode] 19:36:45:16 capture=on(0.01s) onAir=off
[timecode] 19:36:46:16 capture=on(0.02s) onAir=off
[timecode] 19:36:47:17 capture=on(0.03s) onAir=off
[timecode] 19:36:48:17 capture=on(0.00s) onAir=off
[timecode] 19:36:49:17 capture=on(0.01s) onAir=off
[timecode] 19:36:50:17 capture=on(0.01s) onAir=off
[timecode] 19:36:51:17 capture=on(0.01s) onAir=off
[timecode] 19:36:52:17 capture=on(0.02s) onAir=off
[timecode] 19:36:53:18 capture=on(0.03s) onAir=off
[timecode] 19:36:54:18 capture=on(0.01s) onAir=off
[timecode] 19:36:55:18 capture=on(0.01s) onAir=off
[timecode] 19:36:56:18 capture=on(0.01s) onAir=off
[timecode] 19:36:57:18 capture=on(0.01s) onAir=off
[timecode] 19:36:58:18 capture=on(0.02s) onAir=off
[timecode] 19:36:59:18 capture=on(0.03s) onAir=off
[timecode] 19:37:00:19 capture=on(0.03s) onAir=off
[timecode] 19:37:01:19 capture=on(0.00s) onAir=off
[timecode] 19:37:02:19 capture=on(0.01s) onAir=off
[timecode] 19:37:03:19 capture=on(0.01s) onAir=off
[timecode] 19:37:04:19 capture=on(0.01s) onAir=off
[timecode] 19:37:05:19 capture=on(0.01s) onAir=off
[timecode] 19:37:06:19 capture=on(0.01s) onAir=off
[timecode] 19:37:07:19 capture=on(0.01s) onAir=off
[timecode] 19:37:08:19 capture=on(0.01s) onAir=off
[timecode] 19:37:09:19 capture=on(0.01s) onAir=off
[timecode] 19:37:10:19 capture=on(0.01s) onAir=off
[timecode] 19:37:11:19 capture=on(0.01s) onAir=off
[timecode] 19:37:12:19 capture=on(0.02s) onAir=off
[timecode] 19:37:13:20 capture=on(0.03s) onAir=off
[timecode] 19:37:14:20 capture=on(0.03s) onAir=off
[timecode] 19:37:15:20 capture=on(0.00s) onAir=off
[timecode] 19:37:16:20 capture=on(0.01s) onAir=off
[timecode] 19:37:17:20 capture=on(0.02s) onAir=off
[timecode] 19:37:18:20 capture=on(0.02s) onAir=off
[timecode] 19:37:19:20 capture=on(0.02s) onAir=off
[timecode] 19:37:20:20 capture=on(0.02s) onAir=off
[timecode] 19:37:21:21 capture=on(0.03s) onAir=off
[timecode] 19:37:22:21 capture=on(0.03s) onAir=off
[timecode] 19:37:23:21 capture=on(0.00s) onAir=off
[timecode] 19:37:24:21 capture=on(0.01s) onAir=off
[timecode] 19:37:25:21 capture=on(0.01s) onAir=off
[timecode] 19:37:26:21 capture=on(0.01s) onAir=off
[timecode] 19:37:27:21 capture=on(0.01s) onAir=off
[timecode] 19:37:28:21 capture=on(0.01s) onAir=off
[timecode] 19:37:29:21 capture=on(0.01s) onAir=off
[timecode] 19:37:30:21 capture=on(0.01s) onAir=off
[timecode] 19:37:31:21 capture=on(0.02s) onAir=off
[timecode] 19:37:32:22 capture=on(0.03s) onAir=off
[timecode] 19:37:33:22 capture=on(0.00s) onAir=off
[timecode] 19:37:34:22 capture=on(0.01s) onAir=off
[timecode] 19:37:35:22 capture=on(0.01s) onAir=off
[timecode] 19:37:36:22 capture=on(0.01s) onAir=off
[timecode] 19:37:37:22 capture=on(0.01s) onAir=off
[timecode] 19:37:38:22 capture=on(0.02s) onAir=off
[timecode] 19:37:39:23 capture=on(0.02s) onAir=off
[timecode] 19:37:40:23 capture=on(0.03s) onAir=off
[timecode] 19:37:41:23 capture=on(0.00s) onAir=off
[timecode] 19:37:42:23 capture=on(0.01s) onAir=off
[timecode] 19:37:43:23 capture=on(0.02s) onAir=off
[timecode] 19:37:44:24 capture=on(0.03s) onAir=off
[timecode] 19:37:45:24 capture=on(0.00s) onAir=off
[timecode] 19:37:46:24 capture=on(0.01s) onAir=off
[timecode] 19:37:47:24 capture=on(0.01s) onAir=off
[timecode] 19:37:48:24 capture=on(0.01s) onAir=off
[timecode] 19:37:49:24 capture=on(0.01s) onAir=off
[timecode] 19:37:50:24 capture=on(0.01s) onAir=off
[timecode] 19:37:51:24 capture=on(0.01s) onAir=off
[timecode] 19:37:52:24 capture=on(0.01s) onAir=off
[timecode] 19:37:53:24 capture=on(0.01s) onAir=off
[timecode] 19:37:55:00 capture=on(0.02s) onAir=off
[timecode] 19:37:56:00 capture=on(0.03s) onAir=off
[timecode] 19:37:57:00 capture=on(0.03s) onAir=off
[timecode] 19:37:58:00 capture=on(0.00s) onAir=off
[timecode] 19:37:59:00 capture=on(0.01s) onAir=off
[timecode] 19:38:00:00 capture=on(0.01s) onAir=off
[timecode] 19:38:01:00 capture=on(0.01s) onAir=off
[timecode] 19:38:02:00 capture=on(0.01s) onAir=off
[timecode] 19:38:03:00 capture=on(0.01s) onAir=off
[timecode] 19:38:04:00 capture=on(0.01s) onAir=off
[timecode] 19:38:05:00 capture=on(0.01s) onAir=off
[timecode] 19:38:06:00 capture=on(0.01s) onAir=off
[timecode] 19:38:07:00 capture=on(0.01s) onAir=off
[timecode] 19:38:08:00 capture=on(0.01s) onAir=off
[timecode] 19:38:09:00 capture=on(0.01s) onAir=off
[timecode] 19:38:10:01 capture=on(0.02s) onAir=off
[timecode] 19:38:11:01 capture=on(0.03s) onAir=off
[timecode] 19:38:12:01 capture=on(0.00s) onAir=off
[timecode] 19:38:13:01 capture=on(0.01s) onAir=off
[timecode] 19:38:14:01 capture=on(0.01s) onAir=off
[timecode] 19:38:15:01 capture=on(0.01s) onAir=off
[timecode] 19:38:16:01 capture=on(0.02s) onAir=off
[timecode] 19:38:17:02 capture=on(0.03s) onAir=off
[timecode] 19:38:18:02 capture=on(0.04s) onAir=off
[timecode] 19:38:19:02 capture=on(0.00s) onAir=off
[timecode] 19:38:20:02 capture=on(0.01s) onAir=off
[timecode] 19:38:21:03 capture=on(0.02s) onAir=off
[timecode] 19:38:22:03 capture=on(0.03s) onAir=off
[timecode] 19:38:23:03 capture=on(0.00s) onAir=off
[timecode] 19:38:24:03 capture=on(0.01s) onAir=off
[timecode] 19:38:25:03 capture=on(0.01s) onAir=off
[timecode] 19:38:26:03 capture=on(0.01s) onAir=off
[timecode] 19:38:27:03 capture=on(0.01s) onAir=off
[timecode] 19:38:28:03 capture=on(0.01s) onAir=off
[timecode] 19:38:29:03 capture=on(0.01s) onAir=off
[timecode] 19:38:30:04 capture=on(0.02s) onAir=off
[timecode] 19:38:31:04 capture=on(0.03s) onAir=off
[timecode] 19:38:32:04 capture=on(0.00s) onAir=off
[timecode] 19:38:33:04 capture=on(0.01s) onAir=off
[timecode] 19:38:34:04 capture=on(0.01s) onAir=off
[timecode] 19:38:35:04 capture=on(0.01s) onAir=off
[timecode] 19:38:36:05 capture=on(0.02s) onAir=off
[timecode] 19:38:37:05 capture=on(0.03s) onAir=off
[timecode] 19:38:38:05 capture=on(0.01s) onAir=off
[timecode] 19:38:39:05 capture=on(0.01s) onAir=off
[timecode] 19:38:40:05 capture=on(0.01s) onAir=off
[timecode] 19:38:41:05 capture=on(0.01s) onAir=off
[timecode] 19:38:42:06 capture=on(0.02s) onAir=off
[timecode] 19:38:43:06 capture=on(0.03s) onAir=off
[timecode] 19:38:44:06 capture=on(0.03s) onAir=off
[timecode] 19:38:45:06 capture=on(0.04s) onAir=off
[timecode] 19:38:46:06 capture=on(0.01s) onAir=off
[timecode] 19:38:47:06 capture=on(0.02s) onAir=off
[timecode] 19:38:48:06 capture=on(0.02s) onAir=off
[timecode] 19:38:49:07 capture=on(0.02s) onAir=off
[timecode] 19:38:50:07 capture=on(0.03s) onAir=off
[event] [2026-07-15T09:38:50.475Z] [tc 19:38:50:11] Recording started — folder=emerald071520261938, segmentSeconds=120, broadcastDelaySeconds=60
[timecode] 19:38:51:07 capture=on(0.00s) onAir=off
[timecode] 19:38:52:07 capture=on(0.01s) onAir=off
[timecode] 19:38:53:07 capture=on(0.01s) onAir=off
[timecode] 19:38:54:07 capture=on(0.01s) onAir=off
[timecode] 19:38:55:07 capture=on(0.01s) onAir=off
[timecode] 19:38:56:07 capture=on(0.01s) onAir=off
[timecode] 19:38:57:07 capture=on(0.01s) onAir=off
[timecode] 19:38:58:07 capture=on(0.01s) onAir=off
[timecode] 19:38:59:07 capture=on(0.01s) onAir=off
[timecode] 19:39:00:07 capture=on(0.01s) onAir=off
[timecode] 19:39:01:07 capture=on(0.01s) onAir=off
[timecode] 19:39:02:07 capture=on(0.01s) onAir=off
[timecode] 19:39:03:07 capture=on(0.01s) onAir=off
[timecode] 19:39:04:07 capture=on(0.01s) onAir=off
[timecode] 19:39:05:07 capture=on(0.01s) onAir=off
[timecode] 19:39:06:07 capture=on(0.01s) onAir=off
[timecode] 19:39:07:07 capture=on(0.01s) onAir=off
[timecode] 19:39:08:08 capture=on(0.03s) onAir=off
[timecode] 19:39:09:08 capture=on(0.00s) onAir=off
[timecode] 19:39:10:08 capture=on(0.01s) onAir=off
[timecode] 19:39:11:08 capture=on(0.01s) onAir=off
[timecode] 19:39:12:08 capture=on(0.01s) onAir=off
[event] [2026-07-15T09:39:12.931Z] [tc 19:39:12:23] Recording started — folder=emerald071520261939, segmentSeconds=120, broadcastDelaySeconds=60
[timecode] 19:39:13:09 capture=on(0.02s) onAir=off
[timecode] 19:39:14:09 capture=on(0.03s) onAir=off
[timecode] 19:39:15:09 capture=on(0.01s) onAir=off
[timecode] 19:39:16:10 capture=on(0.02s) onAir=off
[timecode] 19:39:17:10 capture=on(0.02s) onAir=off
[timecode] 19:39:18:10 capture=on(0.00s) onAir=off
[timecode] 19:39:19:11 capture=on(0.02s) onAir=off
[timecode] 19:39:20:11 capture=on(0.04s) onAir=off
[timecode] 19:39:21:11 capture=on(0.01s) onAir=off
[timecode] 19:39:22:11 capture=on(0.01s) onAir=off
[timecode] 19:39:23:12 capture=on(0.02s) onAir=off
[timecode] 19:39:24:12 capture=on(0.03s) onAir=off
[timecode] 19:39:25:12 capture=on(0.01s) onAir=off
[timecode] 19:39:26:12 capture=on(0.01s) onAir=off
[timecode] 19:39:27:13 capture=on(0.02s) onAir=off
[timecode] 19:39:28:13 capture=on(0.03s) onAir=off
[timecode] 19:39:29:13 capture=on(0.00s) onAir=off
[timecode] 19:39:30:14 capture=on(0.02s) onAir=off
[timecode] 19:39:31:14 capture=on(0.02s) onAir=off
[timecode] 19:39:32:14 capture=on(0.02s) onAir=off
[timecode] 19:39:33:14 capture=on(0.04s) onAir=off
[timecode] 19:39:34:14 capture=on(0.01s) onAir=off
[timecode] 19:39:35:15 capture=on(0.02s) onAir=off
[timecode] 19:39:36:15 capture=on(0.03s) onAir=off
[timecode] 19:39:37:15 capture=on(0.00s) onAir=off
[timecode] 19:39:38:15 capture=on(0.00s) onAir=off
[timecode] 19:39:39:16 capture=on(0.02s) onAir=off
[timecode] 19:39:40:16 capture=on(0.03s) onAir=off
[timecode] 19:39:41:16 capture=on(0.04s) onAir=off
[timecode] 19:39:42:16 capture=on(0.01s) onAir=off
[timecode] 19:39:43:17 capture=on(0.02s) onAir=off
[timecode] 19:39:44:17 capture=on(0.03s) onAir=off
[timecode] 19:39:45:17 capture=on(0.00s) onAir=off
[timecode] 19:39:46:17 capture=on(0.01s) onAir=off
[timecode] 19:39:47:18 capture=on(0.03s) onAir=off
[timecode] 19:39:48:18 capture=on(0.03s) onAir=off
[timecode] 19:39:49:18 capture=on(0.00s) onAir=off
[timecode] 19:39:50:18 capture=on(0.01s) onAir=off
[timecode] 19:39:51:19 capture=on(0.03s) onAir=off
[timecode] 19:39:52:19 capture=on(0.04s) onAir=off
[timecode] 19:39:53:19 capture=on(0.01s) onAir=off
[timecode] 19:39:54:20 capture=on(0.01s) onAir=off
[timecode] 19:39:55:20 capture=on(0.03s) onAir=off
[timecode] 19:39:56:20 capture=on(0.04s) onAir=off
[timecode] 19:39:57:20 capture=on(0.01s) onAir=off
[timecode] 19:39:58:20 capture=on(0.01s) onAir=off
[timecode] 19:39:59:20 capture=on(0.01s) onAir=off
[timecode] 19:40:00:20 capture=on(0.01s) onAir=off
[timecode] 19:40:01:21 capture=on(0.02s) onAir=off
[timecode] 19:40:02:21 capture=on(0.02s) onAir=off
[timecode] 19:40:03:21 capture=on(0.03s) onAir=off
[timecode] 19:40:04:21 capture=on(0.00s) onAir=off
[timecode] 19:40:05:21 capture=on(0.01s) onAir=off
[timecode] 19:40:06:21 capture=on(0.01s) onAir=off
[timecode] 19:40:07:21 capture=on(0.01s) onAir=off
[timecode] 19:40:08:21 capture=on(0.01s) onAir=off
[timecode] 19:40:09:21 capture=on(0.01s) onAir=off
[timecode] 19:40:10:21 capture=on(0.01s) onAir=off
[timecode] 19:40:11:22 capture=on(0.01s) onAir=off
[timecode] 19:40:12:22 capture=on(0.03s) onAir=off
[timecode] 19:40:13:22 capture=on(0.00s) onAir=off
[timecode] 19:40:14:22 capture=on(0.01s) onAir=off
[timecode] 19:40:15:23 capture=on(0.02s) onAir=off
[timecode] 19:40:16:23 capture=on(0.03s) onAir=off
[timecode] 19:40:17:23 capture=on(0.00s) onAir=off
[timecode] 19:40:18:23 capture=on(0.01s) onAir=off
[timecode] 19:40:19:24 capture=on(0.02s) onAir=off
[timecode] 19:40:20:24 capture=on(0.04s) onAir=off
[timecode] 19:40:21:24 capture=on(0.01s) onAir=off
[timecode] 19:40:22:24 capture=on(0.01s) onAir=off
[timecode] 19:40:23:24 capture=on(0.01s) onAir=off
[timecode] 19:40:24:24 capture=on(0.01s) onAir=off
[timecode] 19:40:25:24 capture=on(0.01s) onAir=off
[timecode] 19:40:26:24 capture=on(0.01s) onAir=off
[timecode] 19:40:27:24 capture=on(0.01s) onAir=off
[timecode] 19:40:29:00 capture=on(0.02s) onAir=off
[timecode] 19:40:30:00 capture=on(0.03s) onAir=off
[timecode] 19:40:31:00 capture=on(0.01s) onAir=off
[timecode] 19:40:32:00 capture=on(0.01s) onAir=off
[timecode] 19:40:33:00 capture=on(0.01s) onAir=off
[timecode] 19:40:34:00 capture=on(0.01s) onAir=off
[timecode] 19:40:35:00 capture=on(0.01s) onAir=off
[timecode] 19:40:36:00 capture=on(0.01s) onAir=off
[timecode] 19:40:37:00 capture=on(0.01s) onAir=off
[timecode] 19:40:38:01 capture=on(0.02s) onAir=off
[timecode] 19:40:39:01 capture=on(0.03s) onAir=off
[timecode] 19:40:40:01 capture=on(0.00s) onAir=off
[timecode] 19:40:41:01 capture=on(0.01s) onAir=off
[timecode] 19:40:42:01 capture=on(0.01s) onAir=off
[timecode] 19:40:43:01 capture=on(0.01s) onAir=off
[timecode] 19:40:44:01 capture=on(0.01s) onAir=off
[timecode] 19:40:45:01 capture=on(0.01s) onAir=off
[timecode] 19:40:46:01 capture=on(0.01s) onAir=off
[timecode] 19:40:47:01 capture=on(0.01s) onAir=off
[timecode] 19:40:48:02 capture=on(0.02s) onAir=off
[timecode] 19:40:49:02 capture=on(0.03s) onAir=off
[timecode] 19:40:50:02 capture=on(0.03s) onAir=off
[timecode] 19:40:51:02 capture=on(0.03s) onAir=off
[timecode] 19:40:52:02 capture=on(0.04s) onAir=off
[timecode] 19:40:53:02 capture=on(0.04s) onAir=off
[timecode] 19:40:54:02 capture=on(0.01s) onAir=off
[timecode] 19:40:55:02 capture=on(0.01s) onAir=off
[timecode] 19:40:56:02 capture=on(0.01s) onAir=off
[timecode] 19:40:57:03 capture=on(0.02s) onAir=off
[timecode] 19:40:58:03 capture=on(0.03s) onAir=off
[timecode] 19:40:59:03 capture=on(0.03s) onAir=off
[timecode] 19:41:00:03 capture=on(0.00s) onAir=off
[timecode] 19:41:01:03 capture=on(0.01s) onAir=off
[timecode] 19:41:02:03 capture=on(0.01s) onAir=off
[timecode] 19:41:03:03 capture=on(0.01s) onAir=off
[timecode] 19:41:04:03 capture=on(0.01s) onAir=off
[timecode] 19:41:05:04 capture=on(0.01s) onAir=off
[timecode] 19:41:06:04 capture=on(0.02s) onAir=off
[timecode] 19:41:07:04 capture=on(0.04s) onAir=off
[timecode] 19:41:08:04 capture=on(0.04s) onAir=off
[timecode] 19:41:09:04 capture=on(0.01s) onAir=off
[timecode] 19:41:10:04 capture=on(0.01s) onAir=off
[timecode] 19:41:11:04 capture=on(0.01s) onAir=off
[timecode] 19:41:12:04 capture=on(0.01s) onAir=off
[timecode] 19:41:13:05 capture=on(0.01s) onAir=off
[timecode] 19:41:14:05 capture=on(0.02s) onAir=off
[timecode] 19:41:15:05 capture=on(0.03s) onAir=off
[timecode] 19:41:16:05 capture=on(0.00s) onAir=off
[timecode] 19:41:17:05 capture=on(0.01s) onAir=off
[timecode] 19:41:18:05 capture=on(0.01s) onAir=off
[timecode] 19:41:19:06 capture=on(0.02s) onAir=off
[timecode] 19:41:20:06 capture=on(0.03s) onAir=off
[timecode] 19:41:21:06 capture=on(0.00s) onAir=off
[timecode] 19:41:22:06 capture=on(0.01s) onAir=off
[timecode] 19:41:23:06 capture=on(0.01s) onAir=off
[timecode] 19:41:24:06 capture=on(0.01s) onAir=off
[timecode] 19:41:25:06 capture=on(0.01s) onAir=off
[timecode] 19:41:26:06 capture=on(0.01s) onAir=off
[timecode] 19:41:27:06 capture=on(0.01s) onAir=off
[timecode] 19:41:28:06 capture=on(0.01s) onAir=off
[timecode] 19:41:29:06 capture=on(0.01s) onAir=off
[timecode] 19:41:30:06 capture=on(0.01s) onAir=off
[timecode] 19:41:31:06 capture=on(0.01s) onAir=off
[timecode] 19:41:32:06 capture=on(0.01s) onAir=off
[timecode] 19:41:33:06 capture=on(0.01s) onAir=off
[timecode] 19:41:34:07 capture=on(0.01s) onAir=off
[timecode] 19:41:35:07 capture=on(0.02s) onAir=off
[timecode] 19:41:36:07 capture=on(0.03s) onAir=off
[timecode] 19:41:37:07 capture=on(0.04s) onAir=off
[timecode] 19:41:38:07 capture=on(0.01s) onAir=off
[timecode] 19:41:39:08 capture=on(0.01s) onAir=off
[timecode] 19:41:40:08 capture=on(0.01s) onAir=off
[timecode] 19:41:41:08 capture=on(0.02s) onAir=off
[timecode] 19:41:42:08 capture=on(0.03s) onAir=off
